ASxxxx Linker V03.00 + NoICE + sdld,  page 1.
Hexadecimal  [32-Bits]

Area                       Addr        Size        Decimal Bytes (Attributes)
--------------------       ----        ----        ------- ----- ------------
.  .ABS.               00000000    00000000 =           0. bytes (ABS,CON)

        Value  Global            Value  Global            Value  Global    
        -----  ------            -----  ------            -----  ------    
     00000000  .__.ABS.  |    00000000  l__CABS   |    00000000  l__CODE_0
     00000000  l__DABS   |    00000000  l__EMU_HE |    00000000  l__HEADER
     00000000  l__HEADER |    00000000  l__HEADER |    00000000  l__HEAP  
     00000000  l__HRAM   |    00000000  l__LIT    |    00000000  l__SFR   
     00000000  s__CABS   |    00000000  s__DABS   |    00000000  s__EMU_HE
     00000000  s__EMU_HE |    00000000  s__HEADER |    00000000  s__HEADER
     00000000  s__HEADER |    00000000  s__HEADER |    00000000  s__HEADER
     00000000  s__HEADER |    00000000  s__HEADER |    00000000  s__HEADER
     00000000  s__HEADER |    00000000  s__HEADER |    00000000  s__HEADER
     00000000  s__HEADER |    00000000  s__HEADER |    00000000  s__HEADER
     00000000  s__HEADER |    00000000  s__HEADER |    00000000  s__HEADER
     00000000  s__HEADER |    00000000  s__HEADER |    00000000  s__HEADER
     00000000  s__HEADER |    00000000  s__HEADER |    00000000  s__HRAM  
     00000000  s__HRAM11 |    00000000  s__SFR    |    00000000  s__SFR0  
     00000000  s__SFR1   |    00000000  s__SFR10  |    00000000  s__SFR11 
     00000000  s__SFR12  |    00000000  s__SFR13  |    00000000  s__SFR14 
     00000000  s__SFR15  |    00000000  s__SFR16  |    00000000  s__SFR17 
     00000000  s__SFR18  |    00000000  s__SFR19  |    00000000  s__SFR1a 
     00000000  s__SFR1b  |    00000000  s__SFR1c  |    00000000  s__SFR1d 
     00000000  s__SFR1e  |    00000000  s__SFR1f  |    00000000  s__SFR2  
     00000000  s__SFR20  |    00000000  s__SFR21  |    00000000  s__SFR22 
     00000000  s__SFR23  |    00000000  s__SFR24  |    00000000  s__SFR25 
     00000000  s__SFR26  |    00000000  s__SFR27  |    00000000  s__SFR28 
     00000000  s__SFR29  |    00000000  s__SFR2a  |    00000000  s__SFR2b 
     00000000  s__SFR2c  |    00000000  s__SFR2d  |    00000000  s__SFR2e 
     00000000  s__SFR2f  |    00000000  s__SFR3   |    00000000  s__SFR30 
     00000000  s__SFR31  |    00000000  s__SFR32  |    00000000  s__SFR33 
     00000000  s__SFR34  |    00000000  s__SFR35  |    00000000  s__SFR36 
     00000000  s__SFR4   |    00000000  s__SFR5   |    00000000  s__SFR6  
     00000000  s__SFR7   |    00000000  s__SFR8   |    00000000  s__SFR9  
     00000000  s__SFRa   |    00000000  s__SFRb   |    00000000  s__SFRc  
     00000000  s__SFRd   |    00000000  s__SFRe   |    00000000  s__SFRf  
     00000001  b_Activat |    00000001  b_ActorAt |    00000001  b_ActorAt
     00000001  b_ActorAt |    00000001  b_ActorAt |    00000001  b_ActorAt
     00000001  b_ActorAt |    00000001  b_ActorIn |    00000001  b_ActorIn
     00000001  b_ActorOv |    00000001  b_ActorRu |    00000001  b_ApplyPa
     00000001  b_CheckCo |    00000001  b_Deactiv |    00000001  b_FadeIn_
     00000001  b_FadeOut |    00000001  b_FadeUpd |    00000001  b_InitPla
     00000001  b_Project |    00000001  b_Project |    00000001  b_Refresh
     00000001  b_SpriteP |    00000001  b_SpriteP |    00000001  b_SpriteP
     00000001  b_Trigger |    00000001  b_UIDrawD |    00000001  b_UIDrawF
     00000001  b_UIInit_ |    00000001  b_UIOnInt |    00000001  b_UIReset
     00000001  b_UISetCo |    00000001  b_UIShowM |    00000001  b_UIShowT
     00000001  b_UIUpdat |    00000001  b_UpdateP |    00000001  b_WeaponA
     00000001  l__GSFINA |    00000001  l__HEADER |    00000001  l__HEADER
     00000001  l__HEADER |    00000001  l__HEADER |    00000001  l__HEADER
     00000001  l__HEADER |    00000001  l__HEADER |    00000001  l__SFR0  
     00000001  l__SFR1   |    00000001  l__SFR10  |    00000001  l__SFR11 
     00000001  l__SFR12  |    00000001  l__SFR13  |    00000001  l__SFR14 
     00000001  l__SFR15  |    00000001  l__SFR16  |    00000001  l__SFR17 
ASxxxx Linker V03.00 + NoICE + sdld,  page 2.
Hexadecimal  [32-Bits]

Area                       Addr        Size        Decimal Bytes (Attributes)
--------------------       ----        ----        ------- ----- ------------
.  .ABS.               00000000    00000000 =           0. bytes (ABS,CON)

        Value  Global            Value  Global            Value  Global    
        -----  ------            -----  ------            -----  ------    
     00000001  l__SFR18  |    00000001  l__SFR19  |    00000001  l__SFR1a 
     00000001  l__SFR1b  |    00000001  l__SFR1c  |    00000001  l__SFR1d 
     00000001  l__SFR1e  |    00000001  l__SFR1f  |    00000001  l__SFR2  
     00000001  l__SFR20  |    00000001  l__SFR21  |    00000001  l__SFR22 
     00000001  l__SFR23  |    00000001  l__SFR24  |    00000001  l__SFR25 
     00000001  l__SFR26  |    00000001  l__SFR27  |    00000001  l__SFR28 
     00000001  l__SFR29  |    00000001  l__SFR2a  |    00000001  l__SFR2b 
     00000001  l__SFR2c  |    00000001  l__SFR2d  |    00000001  l__SFR2e 
     00000001  l__SFR2f  |    00000001  l__SFR3   |    00000001  l__SFR30 
     00000001  l__SFR31  |    00000001  l__SFR32  |    00000001  l__SFR33 
     00000001  l__SFR34  |    00000001  l__SFR35  |    00000001  l__SFR36 
     00000001  l__SFR4   |    00000001  l__SFR5   |    00000001  l__SFR6  
     00000001  l__SFR7   |    00000001  l__SFR8   |    00000001  l__SFR9  
     00000001  l__SFRa   |    00000001  l__SFRb   |    00000001  l__SFRc  
     00000001  l__SFRd   |    00000001  l__SFRe   |    00000001  l__SFRf  
     00000002  l__HEADER |    00000002  l__HEADER |    00000002  l__HRAM11
     00000003  l__EMU_HE |    00000003  l__HEADER |    00000003  l__HEADER
     00000004  b_ScriptT |    00000004  b_Script_ |    00000005  l__HEADER
     00000006  l__HEADER |    00000007  l__HEADER |    00000008  l__HEADER
     00000008  l__HEADER |    0000002C  l__HEADER |    00000033  l__HEADER
     0000003A  l__BSS    |    0000007E  l__HEADER |    000000E6  l__HOME  
     00000200  s__CODE   |    000002FC  l__BASE   |    000005AD  l__GSINIT
     00000E43  l__DATA   |    000022B7  l__CODE_5 |    00002B32  l__CODE  
     00002B38  l__CODE_3 |    00002D32  s__HOME   |    00002E18  s__BASE  
     00002F50  l__CODE_4 |    00003114  s__CODE_0 |    00003114  s__GSINIT
     00003114  s__LIT    |    000033EE  l__CODE_1 |    000036C1  s__GSFINA
     00003C86  l__CODE_3 |    00003E57  l__CODE_3 |    00003EBC  l__CODE_2
     00003EDB  l__CODE_2 |    00003F48  l__CODE_2 |    00003F48  l__CODE_2
     00003F70  l__CODE_2 |    00003F84  l__CODE_2 |    00003FC0  l__CODE_2
     00003FC7  l__CODE_1 |    00003FCE  l__CODE_1 |    00003FCF  l__CODE_1
     00003FD0  l__CODE_1 |    00003FE6  l__CODE_1 |    00003FEC  l__CODE_2
     00003FEC  l__CODE_3 |    00003FF0  l__CODE_2 |    00003FF3  l__CODE_1
     00003FF4  l__CODE_3 |    00003FFA  l__CODE_1 |    00003FFA  l__CODE_3
     00003FFC  l__CODE_3 |    00003FFC  l__CODE_3 |    00003FFD  l__CODE_1
     00003FFE  l__CODE_1 |    00003FFE  l__CODE_1 |    00003FFE  l__CODE_6
     00003FFE  l__CODE_8 |    00003FFE  l__CODE_9 |    00003FFF  l__CODE_7
     00004000  l__CODE_2 |    00004000  l__CODE_3 |    0000C000  _shadow_O
     0000C0A0  s__DATA   |    0000CEE3  s__BSS    |    0000CF1D  s__HEAP  
     0000E000  .STACK    |    0000FF80  .refresh_ |    00014000  s__CODE_1
     00044000  s__CODE_4 |    00054000  s__CODE_5 |    00064000  s__CODE_6
     00074000  s__CODE_7 |    00084000  s__CODE_8 |    00094000  s__CODE_9
     000A4000  s__CODE_1 |    000B4000  s__CODE_1 |    000C4000  s__CODE_1
     000D4000  s__CODE_1 |    000E4000  s__CODE_1 |    000F4000  s__CODE_1
     00104000  s__CODE_1 |    00114000  s__CODE_1 |    00124000  s__CODE_1
     00134000  s__CODE_1 |    00144000  s__CODE_2 |    00154000  s__CODE_2
     00164000  s__CODE_2 |    00174000  s__CODE_2 |    00184000  s__CODE_2
     00194000  s__CODE_2 |    001A4000  s__CODE_2 |    001B4000  s__CODE_2
     001C4000  s__CODE_2 |    001D4000  s__CODE_2 |    001E4000  s__CODE_3
     001F4000  s__CODE_3 |    00204000  s__CODE_3 |    00214000  s__CODE_3
     00224000  s__CODE_3 |    00234000  s__CODE_3 |    00244000  s__CODE_3
     00254000  s__CODE_3 |    00264000  s__CODE_3
ASxxxx Linker V03.00 + NoICE + sdld,  page 3.
Hexadecimal  [32-Bits]

Area                       Addr        Size        Decimal Bytes (Attributes)
--------------------       ----        ----        ------- ----- ------------
_CODE                  00000200    00002B32 =       11058. bytes (REL,CON)

        Value  Global            Value  Global            Value  Global    
        -----  ------            -----  ------            -----  ------    
     0000022D  _UpdateAc |    000004A5  _ActorsIn |    000004DE  _Activate
     000004ED  _Deactiva |    000004FC  _Deactiva |    00000571  _ActorAtT
     00000589  _ActorAt1 |    000005A1  _ActorAt1 |    000005B9  _ActorAt3
     000005D1  _ActorAt2 |    000005E9  _ActorAt3 |    00000601  _ActorOve
     00000610  _ActorInF |    00000624  _ActorInF |    00000633  _CheckCol
     0000064F  _InitPlay |    00000657  _ActorRun |    00000683  _ActorRun
     0000068B  _SetBanke |    000006A7  _SetBanke |    000006C3  _ReadBank
     000006DD  _ReadBank |    00000702  _MemcpyBa |    00000734  _PushBank
     0000074C  _PopBank  |    00000761  _UpdateCa |    0000089E  _TileAt  
     000008F6  _TileAt2x |    00000955  _TileAt2x |    000009CB  _SetScene
     000009DA  _vbl_upda |    00000A32  _lcd_upda |    00000A5E  _core_sta
     00000E1D  _LoadTile |    00000E5A  _LoadImag |    00000EF0  _LoadImag
     00000F1D  _LoadPale |    0000100D  _LoadUIPa |    0000104B  _LoadSpri
     00001089  _LoadPlay |    000010C7  _LoadSpri |    0000111F  _LoadScen
     000017A8  _FadeInit |    000017AF  _fade_spe |    000017B6  _FadeIn  
     000017BE  _FadeOut  |    000017C6  _FadeUpda |    000017CE  _ApplyPal
     000017D6  _FadeSetS |    000017E6  _IsFading |    00001808  gbt_get_p
     00001827  _gbt_play |    000018E2  _gbt_paus |    000018F3  _gbt_loop
     000018FA  _gbt_stop |    00001905  _gbt_enab |    0000190C  _gbt_upda
     00001A11  _HandleIn |    00001A71  _RemoveIn |    00001AB3  _DespRigh
     00001AC8  _Lt16     |    00001AED  _Gt16     |    00001B13  _SeedRand
     00001B20  _MusicPla |    00001B7D  _MusicSto |    00001B90  _MusicUpd
     00001BAB  _SoundPla |    00001BD9  _SoundSto |    00001BDE  _SoundPla
     00001C00  _SoundPla |    00001C1F  _Projecti |    00001C27  _WeaponAt
     00001C4B  _Projecti |    00001C88  _UpdatePr |    00001C90  _ScriptRu
     00001C93  _ScriptSt |    00001CCB  _ScriptSt |    00001D81  _ScriptRu
     00001ED5  _ScriptTi |    00001EDD  _ScriptSa |    00001F2C  _ScriptRe
     00001F9F  _ScriptCt |    00001FB0  _ScriptCt |    00001FE1  _ScriptCt
     00002009  _SetTile  |    00002018  _WaitForM |    0000201F  _GetWinAd
     00002027  _GetBkgAd |    00002035  _ScrollUp |    00002136  _ScrollUp
     00002255  _ScrollUp |    000023D2  _ScrollUp |    000024E2  _ScrollUp
     000025EC  _RefreshS |    000025F4  _InitScro |    0000260F  _RenderSc
     000026F1  _SpritePo |    000026F9  _SpritePo |    00002708  _SpritePo
     00002710  _StackPus |    00002722  _StackPop |    00002730  _StackShi
     0000276E  _TriggerA |    00002782  _TriggerR |    0000279C  _Activate
     000027E1  _UIInit   |    000027F3  _UIUpdate |    000027FB  _UIReset 
     00002803  _UIDrawFr |    0000281F  _UIDrawDi |    0000282E  _UIShowTe
     00002863  _UIShowAv |    00002950  _UIShowCh |    00002973  _UIShowMe
     00002998  _UISetPos |    000029AB  _UIMoveTo |    000029CF  _UIIsClos
     000029E3  _UIOnInte |    000029EB  _UIAtDest |    00002A03  _UISetCol
     00002A14  _main     |    00002A1B  _startFun |    00002A27  _updateFu
     00002A33  _stateBan |    00002A39  _rand     |    00002A39  _randw   
     00002A64  _utoa     |    00002A73  _itoa     |    00002A82  .itoa    
     00002A96  .utoa     |    00002B0A  _set_spri |    00002B0F  _set_bkg_
     00002B12  .set_pale |    00002B2E  _cpu_slow |    00002B49  _cpu_fast
     00002B50  _cgb_comp |    00002B91  __divsuch |    00002BA0  __modsuch
     00002BAC  __divusch |    00002BBE  __modusch |    00002BCE  __divscha
     00002BDC  __modscha |    00002BE8  __divsint |    00002BFB  __modsint
     00002C0C  __divucha |    00002C1A  __moducha |    00002C26  __divuint
     00002C39  __moduint |    00002C4A  .div8     |    00002C4A  .mod8    
ASxxxx Linker V03.00 + NoICE + sdld,  page 4.
Hexadecimal  [32-Bits]

Area                       Addr        Size        Decimal Bytes (Attributes)
--------------------       ----        ----        ------- ----- ------------
_CODE                  00000200    00002B32 =       11058. bytes (REL,CON)

        Value  Global            Value  Global            Value  Global    
        -----  ------            -----  ------            -----  ------    
     00002C52  .div16    |    00002C52  .mod16    |    00002C88  .divu8   
     00002C88  .modu8    |    00002C8B  .divu16   |    00002C8B  .modu16  
     00002CCC  __mulsuch |    00002CD6  __mulusch |    00002CE0  __mulscha
     00002CF2  __mulucha |    00002CFE  __mulint  |    00002D24  _strlen  
     00002D29  .strlen  
ASxxxx Linker V03.00 + NoICE + sdld,  page 5.
Hexadecimal  [32-Bits]

Area                       Addr        Size        Decimal Bytes (Attributes)
--------------------       ----        ----        ------- ----- ------------
_HEADER0               00000000    00000001 =           1. bytes (ABS,CON)

        Value  Global            Value  Global            Value  Global    
        -----  ------            -----  ------            -----  ------    
     00000020  .call_hl 
ASxxxx Linker V03.00 + NoICE + sdld,  page 6.
Hexadecimal  [32-Bits]

Area                       Addr        Size        Decimal Bytes (Attributes)
--------------------       ----        ----        ------- ----- ------------
_HEADER1               00000000    00000005 =           5. bytes (ABS,CON)

        Value  Global            Value  Global            Value  Global    
        -----  ------            -----  ------            -----  ------    
     00000028  .MemsetSm
ASxxxx Linker V03.00 + NoICE + sdld,  page 7.
Hexadecimal  [32-Bits]

Area                       Addr        Size        Decimal Bytes (Attributes)
--------------------       ----        ----        ------- ----- ------------
_HEADER2               00000000    00000007 =           7. bytes (ABS,CON)

        Value  Global            Value  Global            Value  Global    
        -----  ------            -----  ------            -----  ------    
     00000030  .MemcpySm
ASxxxx Linker V03.00 + NoICE + sdld,  page 8.
Hexadecimal  [32-Bits]

Area                       Addr        Size        Decimal Bytes (Attributes)
--------------------       ----        ----        ------- ----- ------------
_HEADER3               00000000    00000008 =           8. bytes (ABS,CON)

        Value  Global            Value  Global            Value  Global    
        -----  ------            -----  ------            -----  ------    
ASxxxx Linker V03.00 + NoICE + sdld,  page 9.
Hexadecimal  [32-Bits]

Area                       Addr        Size        Decimal Bytes (Attributes)
--------------------       ----        ----        ------- ----- ------------
_HEADER4               00000000    0000002C =          44. bytes (ABS,CON)

        Value  Global            Value  Global            Value  Global    
        -----  ------            -----  ------            -----  ------    
     00000080  .int      |    0000008F  _wait_int
ASxxxx Linker V03.00 + NoICE + sdld,  page 10.
Hexadecimal  [32-Bits]

Area                       Addr        Size        Decimal Bytes (Attributes)
--------------------       ----        ----        ------- ----- ------------
_HEADER5               00000000    00000033 =          51. bytes (ABS,CON)

        Value  Global            Value  Global            Value  Global    
        -----  ------            -----  ------            -----  ------    
ASxxxx Linker V03.00 + NoICE + sdld,  page 11.
Hexadecimal  [32-Bits]

Area                       Addr        Size        Decimal Bytes (Attributes)
--------------------       ----        ----        ------- ----- ------------
_HEADER6               00000000    00000006 =           6. bytes (ABS,CON)

        Value  Global            Value  Global            Value  Global    
        -----  ------            -----  ------            -----  ------    
ASxxxx Linker V03.00 + NoICE + sdld,  page 12.
Hexadecimal  [32-Bits]

Area                       Addr        Size        Decimal Bytes (Attributes)
--------------------       ----        ----        ------- ----- ------------
_HEADER7               00000000    00000003 =           3. bytes (ABS,CON)

        Value  Global            Value  Global            Value  Global    
        -----  ------            -----  ------            -----  ------    
ASxxxx Linker V03.00 + NoICE + sdld,  page 13.
Hexadecimal  [32-Bits]

Area                       Addr        Size        Decimal Bytes (Attributes)
--------------------       ----        ----        ------- ----- ------------
_HEADER8               00000000    00000001 =           1. bytes (ABS,CON)

        Value  Global            Value  Global            Value  Global    
        -----  ------            -----  ------            -----  ------    
ASxxxx Linker V03.00 + NoICE + sdld,  page 14.
Hexadecimal  [32-Bits]

Area                       Addr        Size        Decimal Bytes (Attributes)
--------------------       ----        ----        ------- ----- ------------
_HEADER9               00000000    00000001 =           1. bytes (ABS,CON)

        Value  Global            Value  Global            Value  Global    
        -----  ------            -----  ------            -----  ------    
ASxxxx Linker V03.00 + NoICE + sdld,  page 15.
Hexadecimal  [32-Bits]

Area                       Addr        Size        Decimal Bytes (Attributes)
--------------------       ----        ----        ------- ----- ------------
_HEADERa               00000000    00000001 =           1. bytes (ABS,CON)

        Value  Global            Value  Global            Value  Global    
        -----  ------            -----  ------            -----  ------    
ASxxxx Linker V03.00 + NoICE + sdld,  page 16.
Hexadecimal  [32-Bits]

Area                       Addr        Size        Decimal Bytes (Attributes)
--------------------       ----        ----        ------- ----- ------------
_HEADERb               00000000    00000002 =           2. bytes (ABS,CON)

        Value  Global            Value  Global            Value  Global    
        -----  ------            -----  ------            -----  ------    
ASxxxx Linker V03.00 + NoICE + sdld,  page 17.
Hexadecimal  [32-Bits]

Area                       Addr        Size        Decimal Bytes (Attributes)
--------------------       ----        ----        ------- ----- ------------
_HEADERc               00000000    00000001 =           1. bytes (ABS,CON)

        Value  Global            Value  Global            Value  Global    
        -----  ------            -----  ------            -----  ------    
ASxxxx Linker V03.00 + NoICE + sdld,  page 18.
Hexadecimal  [32-Bits]

Area                       Addr        Size        Decimal Bytes (Attributes)
--------------------       ----        ----        ------- ----- ------------
_HEADERd               00000000    00000001 =           1. bytes (ABS,CON)

        Value  Global            Value  Global            Value  Global    
        -----  ------            -----  ------            -----  ------    
ASxxxx Linker V03.00 + NoICE + sdld,  page 19.
Hexadecimal  [32-Bits]

Area                       Addr        Size        Decimal Bytes (Attributes)
--------------------       ----        ----        ------- ----- ------------
_HEADERe               00000000    00000002 =           2. bytes (ABS,CON)

        Value  Global            Value  Global            Value  Global    
        -----  ------            -----  ------            -----  ------    
ASxxxx Linker V03.00 + NoICE + sdld,  page 20.
Hexadecimal  [32-Bits]

Area                       Addr        Size        Decimal Bytes (Attributes)
--------------------       ----        ----        ------- ----- ------------
_HEADERf               00000000    0000007E =         126. bytes (ABS,CON)

        Value  Global            Value  Global            Value  Global    
        -----  ------            -----  ------            -----  ------    
     00000150  .reset    |    00000150  _reset    |    00000153  .code_sta
     000001B1  _exit     |    000001B5  _enable_i |    000001B7  _disable_
     000001B9  _set_inte
ASxxxx Linker V03.00 + NoICE + sdld,  page 21.
Hexadecimal  [32-Bits]

Area                       Addr        Size        Decimal Bytes (Attributes)
--------------------       ----        ----        ------- ----- ------------
_HEADER10              00000000    00000001 =           1. bytes (ABS,CON)

        Value  Global            Value  Global            Value  Global    
        -----  ------            -----  ------            -----  ------    
ASxxxx Linker V03.00 + NoICE + sdld,  page 22.
Hexadecimal  [32-Bits]

Area                       Addr        Size        Decimal Bytes (Attributes)
--------------------       ----        ----        ------- ----- ------------
_HOME                  00002D32    000000E6 =         230. bytes (REL,CON)

        Value  Global            Value  Global            Value  Global    
        -----  ------            -----  ------            -----  ------    
     00002D32  .remove_V |    00002D35  .remove_i |    00002D52  .add_VBL 
     00002D55  .add_int  |    00002D60  .wait_vbl |    00002D60  _wait_vbl
     00002D6F  .display_ |    00002D6F  _display_ |    00002D86  _remove_V
     00002D91  _add_VBL  |    00002D9C  _BGB_prof |    00002DE4  _strcat  
ASxxxx Linker V03.00 + NoICE + sdld,  page 23.
Hexadecimal  [32-Bits]

Area                       Addr        Size        Decimal Bytes (Attributes)
--------------------       ----        ----        ------- ----- ------------
_BASE                  00002E18    000002FC =         764. bytes (REL,CON)

        Value  Global            Value  Global            Value  Global    
        -----  ------            -----  ------            -----  ------    
     00002E18  _fill_win |    00002E2A  _strcpy   |    00002E3C  _initrand
     00002E3E  .initrand |    00002E47  _set_spri |    00002E4C  _set_bkg_
     00002E4F  .set_pale |    00002E6E  _add_TIM  |    00002E79  .add_TIM 
     00002E7F  _remove_T |    00002E8A  .remove_T |    00002E90  _set_win_
     00002EA4  _set_bkg_ |    00002EA4  _set_win_ |    00002EAC  _set_spri
     00002F22  .fill_rec |    00002F2B  .fill_rec |    00002F78  .padup   
     00002F78  _waitpadu |    00002F88  .jpad     |    00002F88  _joypad  
     00002FB0  _waitpad  |    00002FB3  .wait_pad |    00002FBA  ___sdcc_c
     00002FBB  _memset   |    00002FCA  .memset   |    00002FEF  .memcpy  
     00002FF2  ___memcpy |    00002FF2  _memcpy   |    0000303A  ___sdcc_b
     0000307A  _add_LCD  |    00003085  .add_LCD  |    0000308B  _remove_L
     00003096  .remove_L |    0000309C  .copy_vra |    000030AB  _get_data
     000030AB  _set_data |    000030BE  .set_xy_w |    000030C7  .set_xy_b
     000030D6  .set_xy_t
ASxxxx Linker V03.00 + NoICE + sdld,  page 24.
Hexadecimal  [32-Bits]

Area                       Addr        Size        Decimal Bytes (Attributes)
--------------------       ----        ----        ------- ----- ------------
_GSINIT                00003114    000005AD =        1453. bytes (REL,CON)

        Value  Global            Value  Global            Value  Global    
        -----  ------            -----  ------            -----  ------    
     00003114  gsinit   
ASxxxx Linker V03.00 + NoICE + sdld,  page 25.
Hexadecimal  [32-Bits]

Area                       Addr        Size        Decimal Bytes (Attributes)
--------------------       ----        ----        ------- ----- ------------
_GSFINAL               000036C1    00000001 =           1. bytes (REL,CON)

        Value  Global            Value  Global            Value  Global    
        -----  ------            -----  ------            -----  ------    
ASxxxx Linker V03.00 + NoICE + sdld,  page 26.
Hexadecimal  [32-Bits]

Area                       Addr        Size        Decimal Bytes (Attributes)
--------------------       ----        ----        ------- ----- ------------
_DATA                  0000C0A0    00000E43 =        3651. bytes (REL,CON)

        Value  Global            Value  Global            Value  Global    
        -----  ------            -----  ------            -----  ------    
     0000C0A0  _actors_a |    0000C0AB  _actors_a |    0000C0AC  _actors  
     0000C63E  _actor_pt |    0000C67C  _actors_a |    0000C687  _actors_a
     0000C688  _actor_mo |    0000C689  _map_next |    0000C68D  _map_next
     0000C68F  _map_next |    0000C691  _player_i |    0000C693  _bank_sta
     0000C69E  _camera_p |    0000C6A2  _camera_d |    0000C6A6  _camera_o
     0000C6A8  _camera_s |    0000C6A9  _camera_s |    0000C6AA  _camera_d
     0000C6AC  _game_tim |    0000C6AD  _next_sta |    0000C6AF  _delta_ti
     0000C6B0  _current_ |    0000C6B2  _state_ru |    0000C6B3  _vbl_coun
     0000C6B4  _old_scro |    0000C6B6  _old_scro |    0000C6B8  _music_mu
     0000C6B9  _bank_ptr |    0000C6BC  _image_ba |    0000C6BD  _image_at
     0000C6BE  _collisio |    0000C6BF  _image_pt |    0000C6C1  _image_at
     0000C6C3  _collisio |    0000C6C5  _image_ti |    0000C6C6  _image_ti
     0000C6C7  _image_wi |    0000C6C9  _image_he |    0000C6CB  _sprites_
     0000C6CC  _actors_l |    0000C6CD  _scene_ty |    0000C6CE  _scene_ev
     0000C6D3  _fade_run |    0000C6D4  _fade_fra |    0000C6D5  _fade_bla
     0000C6D6  _fade_tim |    0000C6D7  gbt_playi |    0000C6D8  gbt_song 
     0000C6DA  gbt_bank  |    0000C6DB  gbt_speed |    0000C6DC  gbt_temp_
     0000C6E8  gbt_loop_ |    0000C6E9  gbt_ticks |    0000C6EA  gbt_curre
     0000C6EB  gbt_curre |    0000C6EC  gbt_curre |    0000C6EE  gbt_chann
     0000C6EF  gbt_pan   |    0000C6F3  gbt_vol   |    0000C6F7  gbt_instr
     0000C6FB  gbt_freq  |    0000C701  gbt_chann |    0000C702  gbt_arpeg
     0000C70B  gbt_arpeg |    0000C70E  gbt_arpeg |    0000C711  gbt_sweep
     0000C714  gbt_cut_n |    0000C718  gbt_have_ |    0000C719  gbt_updat
     0000C71A  _joy      |    0000C71B  _last_joy |    0000C71C  _recent_j
     0000C71D  _await_in |    0000C71E  _input_wa |    0000C71F  _input_sc
     0000C737  _input_sc |    0000C738  _input_ov |    0000C739  _current_
     0000C73A  _tone_fra |    0000C73B  _palette_ |    0000C73C  _palette_
     0000C73D  _SprPalet |    0000C77D  _BkgPalet |    0000C7BD  _SprPalet
     0000C7FD  _BkgPalet |    0000C83D  _projecti |    0000C8B0  _current_
     0000C8B1  _RAMPtr   |    0000C8B3  _scene_st |    0000C8B4  _scene_st
     0000C8F4  _emote_ti |    0000C8F5  _shake_ti |    0000C8F6  _should_s
     0000C8F7  _should_s |    0000C8F8  _after_lo |    0000C8F9  _tmp_acto
     0000C8FB  _script_c |    0000C907  _active_s |    0000C91F  _script_m
     0000C920  _script_c |    0000C927  _script_c |    0000C928  _script_s
     0000C929  _script_s |    0000C939  _script_b |    0000C941  _script_s
     0000C951  _script_c |    0000CA71  _active_s |    0000CA72  _script_c
     0000CA74  _timer_sc |    0000CA75  _timer_sc |    0000CA76  _timer_sc
     0000CA79  _ctx_cmd_ |    0000CA7A  _scroll_x |    0000CA7C  _scroll_y
     0000CA7E  _draw_scr |    0000CA80  _draw_scr |    0000CA82  _scroll_x
     0000CA84  _scroll_y |    0000CA86  _scroll_o |    0000CA88  _scroll_o
     0000CA8A  _pending_ |    0000CA8C  _pending_ |    0000CA8E  _pending_
     0000CA8F  _pending_ |    0000CA91  _pending_ |    0000CA93  _pending_
     0000CA95  _pending_ |    0000CA97  _pending_ |    0000CA99  _pending_
     0000CA9B  _pending_ |    0000CA9C  _scroll_t |    0000CA9E  _sprite_a
     0000CAB1  _sprite_a |    0000CAB2  _sprites_ |    0000CAFD  _sprite_p
     0000CB11  _hide_spr |    0000CB12  _triggers |    0000CBEB  _triggers
     0000CBF6  _triggers |    0000CBF7  _triggers |    0000CBF8  _last_tri
     0000CBF9  _last_tri |    0000CBFA  _current_ |    0000CBFF  _ui_block
     0000CC00  _win_pos_ |    0000CC01  _win_pos_ |    0000CC02  _win_dest
     0000CC03  _win_dest |    0000CC04  _win_spee |    0000CC05  _text_x  
ASxxxx Linker V03.00 + NoICE + sdld,  page 27.
Hexadecimal  [32-Bits]

Area                       Addr        Size        Decimal Bytes (Attributes)
--------------------       ----        ----        ------- ----- ------------
_DATA                  0000C0A0    00000E43 =        3651. bytes (REL,CON)

        Value  Global            Value  Global            Value  Global    
        -----  ------            -----  ------            -----  ------    
     0000CC06  _text_y   |    0000CC07  _text_dra |    0000CC08  _text_cou
     0000CC09  _text_til |    0000CC0A  _text_wai |    0000CC0B  _text_in_
     0000CC0C  _text_out |    0000CC0D  _text_dra |    0000CC0E  _text_ff_
     0000CC0F  _tmp_text |    0000CC10  _tmp_text |    0000CC11  _text_num
     0000CC12  _avatar_e |    0000CC13  _menu_ena |    0000CC14  _menu_ind
     0000CC15  _menu_fla |    0000CC17  _menu_num |    0000CC18  _menu_can
     0000CC19  _menu_can |    0000CC1A  _menu_lay |    0000CC1B  _text_lin
     0000CC6B  _tmp_text |    0000CCBB  _start_sc |    0000CCBD  _start_sc
     0000CCBF  _start_sc |    0000CCC1  _start_sc |    0000CCC2  _start_sc
     0000CCC3  _start_pl |    0000CCC5  _start_pl |    0000CCC6  _start_pl
     0000CCC7  _plat_min |    0000CCC9  _plat_wal |    0000CCCB  _plat_run
     0000CCCD  _plat_wal |    0000CCCF  _plat_run |    0000CCD1  _plat_dec
     0000CCD3  _plat_jum |    0000CCD5  _plat_gra |    0000CCD7  _plat_hol
     0000CCD9  _plat_max |    0000CCDB  _topdown_ |    0000CCDC  _fade_sty
     0000CCDD  _engine_f |    0000CCDF  _script_v |    0000CED5  _grounded
     0000CED6  _on_ladde |    0000CED7  _pl_vel_x |    0000CED9  _pl_vel_y
     0000CEDB  _pl_pos_x |    0000CEDD  _pl_pos_y |    0000CEDF  _last_hit
     0000CEE0  _shooter_ |    0000CEE1  _shooter_ |    0000CEE2  _shooter_
ASxxxx Linker V03.00 + NoICE + sdld,  page 28.
Hexadecimal  [32-Bits]

Area                       Addr        Size        Decimal Bytes (Attributes)
--------------------       ----        ----        ------- ----- ------------
_BSS                   0000CEE3    0000003A =          58. bytes (REL,CON)

        Value  Global            Value  Global            Value  Global    
        -----  ------            -----  ------            -----  ------    
     0000CEE3  __cpu     |    0000CEE4  .mode     |    0000CEE5  .sys_time
     0000CEE5  _sys_time |    0000CEE7  .int_0x40 |    0000CEFB  .randhi  
     0000CEFC  .randlo   |    0000CEFD  .int_0x50 |    0000CF0D  .int_0x48
ASxxxx Linker V03.00 + NoICE + sdld,  page 29.
Hexadecimal  [32-Bits]

Area                       Addr        Size        Decimal Bytes (Attributes)
--------------------       ----        ----        ------- ----- ------------
_HEAP                  0000CF1D    00000000 =           0. bytes (REL,CON)

        Value  Global            Value  Global            Value  Global    
        -----  ------            -----  ------            -----  ------    
     0000CF1D  _malloc_h
ASxxxx Linker V03.00 + NoICE + sdld,  page 30.
Hexadecimal  [32-Bits]

Area                       Addr        Size        Decimal Bytes (Attributes)
--------------------       ----        ----        ------- ----- ------------
_HRAM11                00000000    00000002 =           2. bytes (ABS,CON)

        Value  Global            Value  Global            Value  Global    
        -----  ------            -----  ------            -----  ------    
     0000FF90  __current
ASxxxx Linker V03.00 + NoICE + sdld,  page 31.
Hexadecimal  [32-Bits]

Area                       Addr        Size        Decimal Bytes (Attributes)
--------------------       ----        ----        ------- ----- ------------
_CODE_1                00014000    000033EE =       13294. bytes (REL,CON)

        Value  Global            Value  Global            Value  Global    
        -----  ------            -----  ------            -----  ------    
     00014000  _Activate |    000140C1  _Deactiva |    00014144  _ActorInF
     00014271  _ActorInF |    0001437E  _CheckCol |    000144AE  _ActorAtT
     0001457B  _ActorAt1 |    0001461C  _ActorAt1 |    000146D5  _ActorAt3
     0001478F  _ActorAt2 |    0001485C  _ActorAt3 |    00014942  _ActorOve
     00014A5D  _InitPlay |    00014B25  _ActorRun |    00014BF8  _UpdateCo
     00014C9C  _ApplyPal |    00014E93  _ApplyPal |    00014ED3  _FadeIn_b
     00014EFE  _FadeOut_ |    00014F2B  _FadeUpda |    00014F7A  _ApplyPal
     000150B1  gbt_chann |    00015283  gbt_chann |    0001544D  gbt_chann
     0001561C  gbt_chann |    0001572D  gbt_updat |    00015749  gbt_updat
     00015766  _Projecti |    000157A0  _WeaponAt |    00015B14  _Projecti
     00015D55  _UpdatePr |    000165B9  _RefreshS |    000167E6  _SpritePo
     0001682F  _SpritePo |    0001689B  _SpritePo |    000168B1  _TriggerA
     00016947  _GetToken |    0001698D  _UIInit_b |    000169F1  _ui_white
     00016A01  _ui_black |    00016A11  _text_dra |    00016A17  _UIReset_
     00016A24  _UIUpdate |    00016AC2  _UIDrawFr |    00016B9C  _UIDrawDi
     00016BB3  _UISetCol |    00016BEF  _UIShowTe |    00016DE2  _UIDrawTe
     00017091  _UICloseD |    000170DA  _UIOnInte |    00017338  _UIShowMe
     00017385  _UIDrawMe
ASxxxx Linker V03.00 + NoICE + sdld,  page 32.
Hexadecimal  [32-Bits]

Area                       Addr        Size        Decimal Bytes (Attributes)
--------------------       ----        ----        ------- ----- ------------
_CODE_4                00044000    00002F50 =       12112. bytes (REL,CON)

        Value  Global            Value  Global            Value  Global    
        -----  ------            -----  ------            -----  ------    
     00044000  _ScriptTi |    00044037  _emote_of |    0004406F  _script_c
     000441BF  _ScriptUp |    00044475  _ScriptUp |    0004470C  _ScriptUp
     0004471A  _ScriptUp |    0004471D  _ScriptUp |    00044720  _ScriptUp
     0004473D  _ScriptUp |    0004474C  _ScriptUp |    000447FB  _ScriptUp
     000448E1  _ScriptUp |    00044937  _Script_N |    00044938  _Script_E
     00044944  _Script_T |    00044969  _Script_G |    00044986  _Script_I
     000449B9  _Script_I |    00044A4F  _Script_S |    00044A63  _Script_C
     00044A77  _Script_A |    00044B3B  _Script_A |    00044B4F  _Script_C
     00044BC0  _Script_C |    00044C26  _ScriptHe |    00044D4C  _Script_W
     00044D5C  _Script_F |    00044D71  _Script_F |    00044D86  _Script_L
     00044E1E  _Script_A |    00044E6F  _Script_A |    00044F0F  _ScriptHe
     00045227  _Script_S |    00045233  _Script_H |    0004523F  _Script_A
     00045262  _Script_A |    00045285  _Script_A |    000452A4  _Script_A
     000452FD  _Script_C |    00045319  _Script_S |    00045339  _Script_H
     00045346  _Script_O |    0004535D  _Script_O |    00045383  _Script_A
     00045392  _Script_M |    000453A7  _Script_M |    000453B0  _Script_R
     000453C4  _Script_N |    000453CA  _Script_I |    000453E2  _Script_D
     000453FA  _Script_S |    00045411  _Script_S |    00045527  _Script_I
     0004554E  _Script_C |    00045589  _Script_T |    000455DA  _Script_P
     00045602  _Script_A |    0004572D  _Script_P |    000457AB  _Script_A
     000458F6  _Script_I |    00045963  _Script_S |    00045A62  _Script_L
     00045BC3  _Script_C |    00045BD9  _Script_I |    00045C13  _Script_I
     00045C85  _Script_I |    00045E01  _Script_S |    00045E32  _Script_A
     00045E97  _Script_A |    00045F26  _Script_A |    00045FDD  _Script_A
     0004621C  _Script_A |    00046321  _Script_M |    0004633A  _Script_M
     00046355  _Script_M |    0004637C  _Script_M |    000463A3  _Script_M
     000463CA  _Script_M |    00046431  _Script_M |    00046469  _Script_M
     00046497  _Script_M |    000464C5  _Script_M |    000464F3  _Script_C
     0004650A  _Script_I |    00046599  _Script_L |    000465C4  _Script_A
     000465E3  _Script_A |    00046602  _Script_T |    00046627  _Script_A
     00046665  _Script_S |    000466DE  _Script_S |    00046718  _Script_S
     000467EA  _Script_S |    0004689D  _Script_S |    000468A3  _Script_S
     0004694D  _Script_S |    000469DA  _Script_R |    00046A01  _Script_A
     00046A70  _Script_A |    00046AEC  _Script_A |    00046AED  _Script_T
     00046B2E  _Script_V |    00046B47  _Script_V |    00046B61  _Script_S
     00046B7B  _Script_S |    00046B7E  _Script_S |    00046B88  _Script_S
     00046B8B  _Script_S |    00046BB3  _Script_R |    00046BBA  _Script_R
     00046BC0  _Script_T |    00046BF3  _Script_L |    00046CF4  _Script_W
     00046D47  _Script_P |    00046D65  _Script_P |    00046D7B  _Script_P
     00046D91  _Script_A |    00046DD0  _Script_A |    00046DEF  _Script_I
     00046E12  _Script_E |    00046E30  _Script_E |    00046E5E  _Script_E
     00046E8B  _Script_E |    00046EDE  _Script_E |    00046F0B  _Script_E
ASxxxx Linker V03.00 + NoICE + sdld,  page 33.
Hexadecimal  [32-Bits]

Area                       Addr        Size        Decimal Bytes (Attributes)
--------------------       ----        ----        ------- ----- ------------
_CODE_10               000A4000    00003FFE =       16382. bytes (REL,CON)

        Value  Global            Value  Global            Value  Global    
        -----  ------            -----  ------            -----  ------    
     000A4000  _bank_10_
ASxxxx Linker V03.00 + NoICE + sdld,  page 34.
Hexadecimal  [32-Bits]

Area                       Addr        Size        Decimal Bytes (Attributes)
--------------------       ----        ----        ------- ----- ------------
_CODE_11               000B4000    00003FFD =       16381. bytes (REL,CON)

        Value  Global            Value  Global            Value  Global    
        -----  ------            -----  ------            -----  ------    
     000B4000  _bank_11_
ASxxxx Linker V03.00 + NoICE + sdld,  page 35.
Hexadecimal  [32-Bits]

Area                       Addr        Size        Decimal Bytes (Attributes)
--------------------       ----        ----        ------- ----- ------------
_CODE_12               000C4000    00003FE6 =       16358. bytes (REL,CON)

        Value  Global            Value  Global            Value  Global    
        -----  ------            -----  ------            -----  ------    
     000C4000  _bank_12_
ASxxxx Linker V03.00 + NoICE + sdld,  page 36.
Hexadecimal  [32-Bits]

Area                       Addr        Size        Decimal Bytes (Attributes)
--------------------       ----        ----        ------- ----- ------------
_CODE_13               000D4000    00003FFA =       16378. bytes (REL,CON)

        Value  Global            Value  Global            Value  Global    
        -----  ------            -----  ------            -----  ------    
     000D4000  _bank_13_
ASxxxx Linker V03.00 + NoICE + sdld,  page 37.
Hexadecimal  [32-Bits]

Area                       Addr        Size        Decimal Bytes (Attributes)
--------------------       ----        ----        ------- ----- ------------
_CODE_14               000E4000    00003FCE =       16334. bytes (REL,CON)

        Value  Global            Value  Global            Value  Global    
        -----  ------            -----  ------            -----  ------    
     000E4000  _bank_14_
ASxxxx Linker V03.00 + NoICE + sdld,  page 38.
Hexadecimal  [32-Bits]

Area                       Addr        Size        Decimal Bytes (Attributes)
--------------------       ----        ----        ------- ----- ------------
_CODE_15               000F4000    00003FD0 =       16336. bytes (REL,CON)

        Value  Global            Value  Global            Value  Global    
        -----  ------            -----  ------            -----  ------    
     000F4000  _bank_15_
ASxxxx Linker V03.00 + NoICE + sdld,  page 39.
Hexadecimal  [32-Bits]

Area                       Addr        Size        Decimal Bytes (Attributes)
--------------------       ----        ----        ------- ----- ------------
_CODE_16               00104000    00003FFE =       16382. bytes (REL,CON)

        Value  Global            Value  Global            Value  Global    
        -----  ------            -----  ------            -----  ------    
     00104000  _bank_16_
ASxxxx Linker V03.00 + NoICE + sdld,  page 40.
Hexadecimal  [32-Bits]

Area                       Addr        Size        Decimal Bytes (Attributes)
--------------------       ----        ----        ------- ----- ------------
_CODE_17               00114000    00003FCF =       16335. bytes (REL,CON)

        Value  Global            Value  Global            Value  Global    
        -----  ------            -----  ------            -----  ------    
     00114000  _bank_17_
ASxxxx Linker V03.00 + NoICE + sdld,  page 41.
Hexadecimal  [32-Bits]

Area                       Addr        Size        Decimal Bytes (Attributes)
--------------------       ----        ----        ------- ----- ------------
_CODE_18               00124000    00003FC7 =       16327. bytes (REL,CON)

        Value  Global            Value  Global            Value  Global    
        -----  ------            -----  ------            -----  ------    
     00124000  _bank_18_
ASxxxx Linker V03.00 + NoICE + sdld,  page 42.
Hexadecimal  [32-Bits]

Area                       Addr        Size        Decimal Bytes (Attributes)
--------------------       ----        ----        ------- ----- ------------
_CODE_19               00134000    00003FF3 =       16371. bytes (REL,CON)

        Value  Global            Value  Global            Value  Global    
        -----  ------            -----  ------            -----  ------    
     00134000  _bank_19_
ASxxxx Linker V03.00 + NoICE + sdld,  page 43.
Hexadecimal  [32-Bits]

Area                       Addr        Size        Decimal Bytes (Attributes)
--------------------       ----        ----        ------- ----- ------------
_CODE_20               00144000    00003EDB =       16091. bytes (REL,CON)

        Value  Global            Value  Global            Value  Global    
        -----  ------            -----  ------            -----  ------    
     00144000  _bank_20_
ASxxxx Linker V03.00 + NoICE + sdld,  page 44.
Hexadecimal  [32-Bits]

Area                       Addr        Size        Decimal Bytes (Attributes)
--------------------       ----        ----        ------- ----- ------------
_CODE_21               00154000    00003F48 =       16200. bytes (REL,CON)

        Value  Global            Value  Global            Value  Global    
        -----  ------            -----  ------            -----  ------    
     00154000  _bank_21_
ASxxxx Linker V03.00 + NoICE + sdld,  page 45.
Hexadecimal  [32-Bits]

Area                       Addr        Size        Decimal Bytes (Attributes)
--------------------       ----        ----        ------- ----- ------------
_CODE_22               00164000    00003F84 =       16260. bytes (REL,CON)

        Value  Global            Value  Global            Value  Global    
        -----  ------            -----  ------            -----  ------    
     00164000  _bank_22_
ASxxxx Linker V03.00 + NoICE + sdld,  page 46.
Hexadecimal  [32-Bits]

Area                       Addr        Size        Decimal Bytes (Attributes)
--------------------       ----        ----        ------- ----- ------------
_CODE_23               00174000    00003EBC =       16060. bytes (REL,CON)

        Value  Global            Value  Global            Value  Global    
        -----  ------            -----  ------            -----  ------    
     00174000  _bank_23_
ASxxxx Linker V03.00 + NoICE + sdld,  page 47.
Hexadecimal  [32-Bits]

Area                       Addr        Size        Decimal Bytes (Attributes)
--------------------       ----        ----        ------- ----- ------------
_CODE_24               00184000    00003FC0 =       16320. bytes (REL,CON)

        Value  Global            Value  Global            Value  Global    
        -----  ------            -----  ------            -----  ------    
     00184000  _bank_24_
ASxxxx Linker V03.00 + NoICE + sdld,  page 48.
Hexadecimal  [32-Bits]

Area                       Addr        Size        Decimal Bytes (Attributes)
--------------------       ----        ----        ------- ----- ------------
_CODE_25               00194000    00003F48 =       16200. bytes (REL,CON)

        Value  Global            Value  Global            Value  Global    
        -----  ------            -----  ------            -----  ------    
     00194000  _bank_25_
ASxxxx Linker V03.00 + NoICE + sdld,  page 49.
Hexadecimal  [32-Bits]

Area                       Addr        Size        Decimal Bytes (Attributes)
--------------------       ----        ----        ------- ----- ------------
_CODE_26               001A4000    00003F70 =       16240. bytes (REL,CON)

        Value  Global            Value  Global            Value  Global    
        -----  ------            -----  ------            -----  ------    
     001A4000  _bank_26_
ASxxxx Linker V03.00 + NoICE + sdld,  page 50.
Hexadecimal  [32-Bits]

Area                       Addr        Size        Decimal Bytes (Attributes)
--------------------       ----        ----        ------- ----- ------------
_CODE_27               001B4000    00003FEC =       16364. bytes (REL,CON)

        Value  Global            Value  Global            Value  Global    
        -----  ------            -----  ------            -----  ------    
     001B4000  _bank_27_
ASxxxx Linker V03.00 + NoICE + sdld,  page 51.
Hexadecimal  [32-Bits]

Area                       Addr        Size        Decimal Bytes (Attributes)
--------------------       ----        ----        ------- ----- ------------
_CODE_28               001C4000    00004000 =       16384. bytes (REL,CON)

        Value  Global            Value  Global            Value  Global    
        -----  ------            -----  ------            -----  ------    
     001C4000  _bank_28_
ASxxxx Linker V03.00 + NoICE + sdld,  page 52.
Hexadecimal  [32-Bits]

Area                       Addr        Size        Decimal Bytes (Attributes)
--------------------       ----        ----        ------- ----- ------------
_CODE_29               001D4000    00003FF0 =       16368. bytes (REL,CON)

        Value  Global            Value  Global            Value  Global    
        -----  ------            -----  ------            -----  ------    
     001D4000  _bank_29_
ASxxxx Linker V03.00 + NoICE + sdld,  page 53.
Hexadecimal  [32-Bits]

Area                       Addr        Size        Decimal Bytes (Attributes)
--------------------       ----        ----        ------- ----- ------------
_CODE_30               001E4000    00004000 =       16384. bytes (REL,CON)

        Value  Global            Value  Global            Value  Global    
        -----  ------            -----  ------            -----  ------    
     001E4000  _bank_30_
ASxxxx Linker V03.00 + NoICE + sdld,  page 54.
Hexadecimal  [32-Bits]

Area                       Addr        Size        Decimal Bytes (Attributes)
--------------------       ----        ----        ------- ----- ------------
_CODE_31               001F4000    00003FFC =       16380. bytes (REL,CON)

        Value  Global            Value  Global            Value  Global    
        -----  ------            -----  ------            -----  ------    
     001F4000  _bank_31_
ASxxxx Linker V03.00 + NoICE + sdld,  page 55.
Hexadecimal  [32-Bits]

Area                       Addr        Size        Decimal Bytes (Attributes)
--------------------       ----        ----        ------- ----- ------------
_CODE_32               00204000    00003FF4 =       16372. bytes (REL,CON)

        Value  Global            Value  Global            Value  Global    
        -----  ------            -----  ------            -----  ------    
     00204000  _bank_32_
ASxxxx Linker V03.00 + NoICE + sdld,  page 56.
Hexadecimal  [32-Bits]

Area                       Addr        Size        Decimal Bytes (Attributes)
--------------------       ----        ----        ------- ----- ------------
_CODE_33               00214000    00003FFA =       16378. bytes (REL,CON)

        Value  Global            Value  Global            Value  Global    
        -----  ------            -----  ------            -----  ------    
     00214000  _bank_33_
ASxxxx Linker V03.00 + NoICE + sdld,  page 57.
Hexadecimal  [32-Bits]

Area                       Addr        Size        Decimal Bytes (Attributes)
--------------------       ----        ----        ------- ----- ------------
_CODE_34               00224000    00003FEC =       16364. bytes (REL,CON)

        Value  Global            Value  Global            Value  Global    
        -----  ------            -----  ------            -----  ------    
     00224000  _bank_34_
ASxxxx Linker V03.00 + NoICE + sdld,  page 58.
Hexadecimal  [32-Bits]

Area                       Addr        Size        Decimal Bytes (Attributes)
--------------------       ----        ----        ------- ----- ------------
_CODE_35               00234000    00003FFC =       16380. bytes (REL,CON)

        Value  Global            Value  Global            Value  Global    
        -----  ------            -----  ------            -----  ------    
     00234000  _bank_35_
ASxxxx Linker V03.00 + NoICE + sdld,  page 59.
Hexadecimal  [32-Bits]

Area                       Addr        Size        Decimal Bytes (Attributes)
--------------------       ----        ----        ------- ----- ------------
_CODE_36               00244000    00003C86 =       15494. bytes (REL,CON)

        Value  Global            Value  Global            Value  Global    
        -----  ------            -----  ------            -----  ------    
     00244000  _bank_36_
ASxxxx Linker V03.00 + NoICE + sdld,  page 60.
Hexadecimal  [32-Bits]

Area                       Addr        Size        Decimal Bytes (Attributes)
--------------------       ----        ----        ------- ----- ------------
_CODE_6                00064000    00003FFE =       16382. bytes (REL,CON)

        Value  Global            Value  Global            Value  Global    
        -----  ------            -----  ------            -----  ------    
     00064000  _bank_6_d
ASxxxx Linker V03.00 + NoICE + sdld,  page 61.
Hexadecimal  [32-Bits]

Area                       Addr        Size        Decimal Bytes (Attributes)
--------------------       ----        ----        ------- ----- ------------
_CODE_7                00074000    00003FFF =       16383. bytes (REL,CON)

        Value  Global            Value  Global            Value  Global    
        -----  ------            -----  ------            -----  ------    
     00074000  _bank_7_d
ASxxxx Linker V03.00 + NoICE + sdld,  page 62.
Hexadecimal  [32-Bits]

Area                       Addr        Size        Decimal Bytes (Attributes)
--------------------       ----        ----        ------- ----- ------------
_CODE_8                00084000    00003FFE =       16382. bytes (REL,CON)

        Value  Global            Value  Global            Value  Global    
        -----  ------            -----  ------            -----  ------    
     00084000  _bank_8_d
ASxxxx Linker V03.00 + NoICE + sdld,  page 63.
Hexadecimal  [32-Bits]

Area                       Addr        Size        Decimal Bytes (Attributes)
--------------------       ----        ----        ------- ----- ------------
_CODE_9                00094000    00003FFE =       16382. bytes (REL,CON)

        Value  Global            Value  Global            Value  Global    
        -----  ------            -----  ------            -----  ------    
     00094000  _bank_9_d
ASxxxx Linker V03.00 + NoICE + sdld,  page 64.
Hexadecimal  [32-Bits]

Area                       Addr        Size        Decimal Bytes (Attributes)
--------------------       ----        ----        ------- ----- ------------
_CODE_5                00054000    000022B7 =        8887. bytes (REL,CON)

        Value  Global            Value  Global            Value  Global    
        -----  ------            -----  ------            -----  ------    
     00054000  _tileset_ |    0005403F  _backgrou |    000540B1  _backgrou
     0005412C  _palette_ |    000541EF  _sprite_b |    0005428E  _scene_ba
     00054309  _collisio |    00054384  _avatar_b |    000543B7  _music_tr
     000543C7  _music_ba |    000543CF  _Start_Ad |    000543E4  _Update_A
     00054958  _Start_Pl |    00054A02  _Update_P |    000555CD  _Start_Po
     000555F6  _Update_P |    0005586F  _Start_Sh |    000558FB  _Update_S
     00055E30  _Start_To |    00055E93  _Update_T
ASxxxx Linker V03.00 + NoICE + sdld,  page 65.
Hexadecimal  [32-Bits]

Area                       Addr        Size        Decimal Bytes (Attributes)
--------------------       ----        ----        ------- ----- ------------
_CODE_37               00254000    00002B38 =       11064. bytes (REL,CON)

        Value  Global            Value  Global            Value  Global    
        -----  ------            -----  ------            -----  ------    
     00254000  _bank_37_ |    00256AF6  _music_tr |    00256B12  _music_tr
     00256B30  _music_tr
ASxxxx Linker V03.00 + NoICE + sdld,  page 66.
Hexadecimal  [32-Bits]

Area                       Addr        Size        Decimal Bytes (Attributes)
--------------------       ----        ----        ------- ----- ------------
_CODE_38               00264000    00003E57 =       15959. bytes (REL,CON)

        Value  Global            Value  Global            Value  Global    
        -----  ------            -----  ------            -----  ------    
     00264000  _bank_38_ |    00267DFF  _music_tr |    00267E19  _music_tr
     00267E2B  _music_tr |    00267E41  _music_tr
ASxxxx Linker V03.00 + NoICE + sdld,  page 67.
Hexadecimal  [32-Bits]

Area                       Addr        Size        Decimal Bytes (Attributes)
--------------------       ----        ----        ------- ----- ------------
_SFR0                  00000000    00000001 =           1. bytes (ABS,CON)

        Value  Global            Value  Global            Value  Global    
        -----  ------            -----  ------            -----  ------    
     0000FF00  _P1_REG  
ASxxxx Linker V03.00 + NoICE + sdld,  page 68.
Hexadecimal  [32-Bits]

Area                       Addr        Size        Decimal Bytes (Attributes)
--------------------       ----        ----        ------- ----- ------------
_SFR1                  00000000    00000001 =           1. bytes (ABS,CON)

        Value  Global            Value  Global            Value  Global    
        -----  ------            -----  ------            -----  ------    
     0000FF01  _SB_REG  
ASxxxx Linker V03.00 + NoICE + sdld,  page 69.
Hexadecimal  [32-Bits]

Area                       Addr        Size        Decimal Bytes (Attributes)
--------------------       ----        ----        ------- ----- ------------
_SFR2                  00000000    00000001 =           1. bytes (ABS,CON)

        Value  Global            Value  Global            Value  Global    
        -----  ------            -----  ------            -----  ------    
     0000FF02  _SC_REG  
ASxxxx Linker V03.00 + NoICE + sdld,  page 70.
Hexadecimal  [32-Bits]

Area                       Addr        Size        Decimal Bytes (Attributes)
--------------------       ----        ----        ------- ----- ------------
_SFR3                  00000000    00000001 =           1. bytes (ABS,CON)

        Value  Global            Value  Global            Value  Global    
        -----  ------            -----  ------            -----  ------    
     0000FF04  _DIV_REG 
ASxxxx Linker V03.00 + NoICE + sdld,  page 71.
Hexadecimal  [32-Bits]

Area                       Addr        Size        Decimal Bytes (Attributes)
--------------------       ----        ----        ------- ----- ------------
_SFR4                  00000000    00000001 =           1. bytes (ABS,CON)

        Value  Global            Value  Global            Value  Global    
        -----  ------            -----  ------            -----  ------    
     0000FF05  _TIMA_REG
ASxxxx Linker V03.00 + NoICE + sdld,  page 72.
Hexadecimal  [32-Bits]

Area                       Addr        Size        Decimal Bytes (Attributes)
--------------------       ----        ----        ------- ----- ------------
_SFR5                  00000000    00000001 =           1. bytes (ABS,CON)

        Value  Global            Value  Global            Value  Global    
        -----  ------            -----  ------            -----  ------    
     0000FF06  _TMA_REG 
ASxxxx Linker V03.00 + NoICE + sdld,  page 73.
Hexadecimal  [32-Bits]

Area                       Addr        Size        Decimal Bytes (Attributes)
--------------------       ----        ----        ------- ----- ------------
_SFR6                  00000000    00000001 =           1. bytes (ABS,CON)

        Value  Global            Value  Global            Value  Global    
        -----  ------            -----  ------            -----  ------    
     0000FF07  _TAC_REG 
ASxxxx Linker V03.00 + NoICE + sdld,  page 74.
Hexadecimal  [32-Bits]

Area                       Addr        Size        Decimal Bytes (Attributes)
--------------------       ----        ----        ------- ----- ------------
_SFR7                  00000000    00000001 =           1. bytes (ABS,CON)

        Value  Global            Value  Global            Value  Global    
        -----  ------            -----  ------            -----  ------    
     0000FF0F  _IF_REG  
ASxxxx Linker V03.00 + NoICE + sdld,  page 75.
Hexadecimal  [32-Bits]

Area                       Addr        Size        Decimal Bytes (Attributes)
--------------------       ----        ----        ------- ----- ------------
_SFR8                  00000000    00000001 =           1. bytes (ABS,CON)

        Value  Global            Value  Global            Value  Global    
        -----  ------            -----  ------            -----  ------    
     0000FF10  _NR10_REG
ASxxxx Linker V03.00 + NoICE + sdld,  page 76.
Hexadecimal  [32-Bits]

Area                       Addr        Size        Decimal Bytes (Attributes)
--------------------       ----        ----        ------- ----- ------------
_SFR9                  00000000    00000001 =           1. bytes (ABS,CON)

        Value  Global            Value  Global            Value  Global    
        -----  ------            -----  ------            -----  ------    
     0000FF11  _NR11_REG
ASxxxx Linker V03.00 + NoICE + sdld,  page 77.
Hexadecimal  [32-Bits]

Area                       Addr        Size        Decimal Bytes (Attributes)
--------------------       ----        ----        ------- ----- ------------
_SFRa                  00000000    00000001 =           1. bytes (ABS,CON)

        Value  Global            Value  Global            Value  Global    
        -----  ------            -----  ------            -----  ------    
     0000FF12  _NR12_REG
ASxxxx Linker V03.00 + NoICE + sdld,  page 78.
Hexadecimal  [32-Bits]

Area                       Addr        Size        Decimal Bytes (Attributes)
--------------------       ----        ----        ------- ----- ------------
_SFRb                  00000000    00000001 =           1. bytes (ABS,CON)

        Value  Global            Value  Global            Value  Global    
        -----  ------            -----  ------            -----  ------    
     0000FF13  _NR13_REG
ASxxxx Linker V03.00 + NoICE + sdld,  page 79.
Hexadecimal  [32-Bits]

Area                       Addr        Size        Decimal Bytes (Attributes)
--------------------       ----        ----        ------- ----- ------------
_SFRc                  00000000    00000001 =           1. bytes (ABS,CON)

        Value  Global            Value  Global            Value  Global    
        -----  ------            -----  ------            -----  ------    
     0000FF14  _NR14_REG
ASxxxx Linker V03.00 + NoICE + sdld,  page 80.
Hexadecimal  [32-Bits]

Area                       Addr        Size        Decimal Bytes (Attributes)
--------------------       ----        ----        ------- ----- ------------
_SFRd                  00000000    00000001 =           1. bytes (ABS,CON)

        Value  Global            Value  Global            Value  Global    
        -----  ------            -----  ------            -----  ------    
     0000FF16  _NR21_REG
ASxxxx Linker V03.00 + NoICE + sdld,  page 81.
Hexadecimal  [32-Bits]

Area                       Addr        Size        Decimal Bytes (Attributes)
--------------------       ----        ----        ------- ----- ------------
_SFRe                  00000000    00000001 =           1. bytes (ABS,CON)

        Value  Global            Value  Global            Value  Global    
        -----  ------            -----  ------            -----  ------    
     0000FF17  _NR22_REG
ASxxxx Linker V03.00 + NoICE + sdld,  page 82.
Hexadecimal  [32-Bits]

Area                       Addr        Size        Decimal Bytes (Attributes)
--------------------       ----        ----        ------- ----- ------------
_SFRf                  00000000    00000001 =           1. bytes (ABS,CON)

        Value  Global            Value  Global            Value  Global    
        -----  ------            -----  ------            -----  ------    
     0000FF18  _NR23_REG
ASxxxx Linker V03.00 + NoICE + sdld,  page 83.
Hexadecimal  [32-Bits]

Area                       Addr        Size        Decimal Bytes (Attributes)
--------------------       ----        ----        ------- ----- ------------
_SFR10                 00000000    00000001 =           1. bytes (ABS,CON)

        Value  Global            Value  Global            Value  Global    
        -----  ------            -----  ------            -----  ------    
     0000FF19  _NR24_REG
ASxxxx Linker V03.00 + NoICE + sdld,  page 84.
Hexadecimal  [32-Bits]

Area                       Addr        Size        Decimal Bytes (Attributes)
--------------------       ----        ----        ------- ----- ------------
_SFR11                 00000000    00000001 =           1. bytes (ABS,CON)

        Value  Global            Value  Global            Value  Global    
        -----  ------            -----  ------            -----  ------    
     0000FF1A  _NR30_REG
ASxxxx Linker V03.00 + NoICE + sdld,  page 85.
Hexadecimal  [32-Bits]

Area                       Addr        Size        Decimal Bytes (Attributes)
--------------------       ----        ----        ------- ----- ------------
_SFR12                 00000000    00000001 =           1. bytes (ABS,CON)

        Value  Global            Value  Global            Value  Global    
        -----  ------            -----  ------            -----  ------    
     0000FF1B  _NR31_REG
ASxxxx Linker V03.00 + NoICE + sdld,  page 86.
Hexadecimal  [32-Bits]

Area                       Addr        Size        Decimal Bytes (Attributes)
--------------------       ----        ----        ------- ----- ------------
_SFR13                 00000000    00000001 =           1. bytes (ABS,CON)

        Value  Global            Value  Global            Value  Global    
        -----  ------            -----  ------            -----  ------    
     0000FF1C  _NR32_REG
ASxxxx Linker V03.00 + NoICE + sdld,  page 87.
Hexadecimal  [32-Bits]

Area                       Addr        Size        Decimal Bytes (Attributes)
--------------------       ----        ----        ------- ----- ------------
_SFR14                 00000000    00000001 =           1. bytes (ABS,CON)

        Value  Global            Value  Global            Value  Global    
        -----  ------            -----  ------            -----  ------    
     0000FF1D  _NR33_REG
ASxxxx Linker V03.00 + NoICE + sdld,  page 88.
Hexadecimal  [32-Bits]

Area                       Addr        Size        Decimal Bytes (Attributes)
--------------------       ----        ----        ------- ----- ------------
_SFR15                 00000000    00000001 =           1. bytes (ABS,CON)

        Value  Global            Value  Global            Value  Global    
        -----  ------            -----  ------            -----  ------    
     0000FF1E  _NR34_REG
ASxxxx Linker V03.00 + NoICE + sdld,  page 89.
Hexadecimal  [32-Bits]

Area                       Addr        Size        Decimal Bytes (Attributes)
--------------------       ----        ----        ------- ----- ------------
_SFR16                 00000000    00000001 =           1. bytes (ABS,CON)

        Value  Global            Value  Global            Value  Global    
        -----  ------            -----  ------            -----  ------    
     0000FF20  _NR41_REG
ASxxxx Linker V03.00 + NoICE + sdld,  page 90.
Hexadecimal  [32-Bits]

Area                       Addr        Size        Decimal Bytes (Attributes)
--------------------       ----        ----        ------- ----- ------------
_SFR17                 00000000    00000001 =           1. bytes (ABS,CON)

        Value  Global            Value  Global            Value  Global    
        -----  ------            -----  ------            -----  ------    
     0000FF21  _NR42_REG
ASxxxx Linker V03.00 + NoICE + sdld,  page 91.
Hexadecimal  [32-Bits]

Area                       Addr        Size        Decimal Bytes (Attributes)
--------------------       ----        ----        ------- ----- ------------
_SFR18                 00000000    00000001 =           1. bytes (ABS,CON)

        Value  Global            Value  Global            Value  Global    
        -----  ------            -----  ------            -----  ------    
     0000FF22  _NR43_REG
ASxxxx Linker V03.00 + NoICE + sdld,  page 92.
Hexadecimal  [32-Bits]

Area                       Addr        Size        Decimal Bytes (Attributes)
--------------------       ----        ----        ------- ----- ------------
_SFR19                 00000000    00000001 =           1. bytes (ABS,CON)

        Value  Global            Value  Global            Value  Global    
        -----  ------            -----  ------            -----  ------    
     0000FF23  _NR44_REG
ASxxxx Linker V03.00 + NoICE + sdld,  page 93.
Hexadecimal  [32-Bits]

Area                       Addr        Size        Decimal Bytes (Attributes)
--------------------       ----        ----        ------- ----- ------------
_SFR1a                 00000000    00000001 =           1. bytes (ABS,CON)

        Value  Global            Value  Global            Value  Global    
        -----  ------            -----  ------            -----  ------    
     0000FF24  _NR50_REG
ASxxxx Linker V03.00 + NoICE + sdld,  page 94.
Hexadecimal  [32-Bits]

Area                       Addr        Size        Decimal Bytes (Attributes)
--------------------       ----        ----        ------- ----- ------------
_SFR1b                 00000000    00000001 =           1. bytes (ABS,CON)

        Value  Global            Value  Global            Value  Global    
        -----  ------            -----  ------            -----  ------    
     0000FF25  _NR51_REG
ASxxxx Linker V03.00 + NoICE + sdld,  page 95.
Hexadecimal  [32-Bits]

Area                       Addr        Size        Decimal Bytes (Attributes)
--------------------       ----        ----        ------- ----- ------------
_SFR1c                 00000000    00000001 =           1. bytes (ABS,CON)

        Value  Global            Value  Global            Value  Global    
        -----  ------            -----  ------            -----  ------    
     0000FF26  _NR52_REG
ASxxxx Linker V03.00 + NoICE + sdld,  page 96.
Hexadecimal  [32-Bits]

Area                       Addr        Size        Decimal Bytes (Attributes)
--------------------       ----        ----        ------- ----- ------------
_SFR1d                 00000000    00000001 =           1. bytes (ABS,CON)

        Value  Global            Value  Global            Value  Global    
        -----  ------            -----  ------            -----  ------    
     0000FF40  _LCDC_REG
ASxxxx Linker V03.00 + NoICE + sdld,  page 97.
Hexadecimal  [32-Bits]

Area                       Addr        Size        Decimal Bytes (Attributes)
--------------------       ----        ----        ------- ----- ------------
_SFR1e                 00000000    00000001 =           1. bytes (ABS,CON)

        Value  Global            Value  Global            Value  Global    
        -----  ------            -----  ------            -----  ------    
     0000FF41  _STAT_REG
ASxxxx Linker V03.00 + NoICE + sdld,  page 98.
Hexadecimal  [32-Bits]

Area                       Addr        Size        Decimal Bytes (Attributes)
--------------------       ----        ----        ------- ----- ------------
_SFR1f                 00000000    00000001 =           1. bytes (ABS,CON)

        Value  Global            Value  Global            Value  Global    
        -----  ------            -----  ------            -----  ------    
     0000FF42  _SCY_REG 
ASxxxx Linker V03.00 + NoICE + sdld,  page 99.
Hexadecimal  [32-Bits]

Area                       Addr        Size        Decimal Bytes (Attributes)
--------------------       ----        ----        ------- ----- ------------
_SFR20                 00000000    00000001 =           1. bytes (ABS,CON)

        Value  Global            Value  Global            Value  Global    
        -----  ------            -----  ------            -----  ------    
     0000FF43  _SCX_REG 
ASxxxx Linker V03.00 + NoICE + sdld,  page 100.
Hexadecimal  [32-Bits]

Area                       Addr        Size        Decimal Bytes (Attributes)
--------------------       ----        ----        ------- ----- ------------
_SFR21                 00000000    00000001 =           1. bytes (ABS,CON)

        Value  Global            Value  Global            Value  Global    
        -----  ------            -----  ------            -----  ------    
     0000FF44  _LY_REG  
ASxxxx Linker V03.00 + NoICE + sdld,  page 101.
Hexadecimal  [32-Bits]

Area                       Addr        Size        Decimal Bytes (Attributes)
--------------------       ----        ----        ------- ----- ------------
_SFR22                 00000000    00000001 =           1. bytes (ABS,CON)

        Value  Global            Value  Global            Value  Global    
        -----  ------            -----  ------            -----  ------    
     0000FF45  _LYC_REG 
ASxxxx Linker V03.00 + NoICE + sdld,  page 102.
Hexadecimal  [32-Bits]

Area                       Addr        Size        Decimal Bytes (Attributes)
--------------------       ----        ----        ------- ----- ------------
_SFR23                 00000000    00000001 =           1. bytes (ABS,CON)

        Value  Global            Value  Global            Value  Global    
        -----  ------            -----  ------            -----  ------    
     0000FF46  _DMA_REG 
ASxxxx Linker V03.00 + NoICE + sdld,  page 103.
Hexadecimal  [32-Bits]

Area                       Addr        Size        Decimal Bytes (Attributes)
--------------------       ----        ----        ------- ----- ------------
_SFR24                 00000000    00000001 =           1. bytes (ABS,CON)

        Value  Global            Value  Global            Value  Global    
        -----  ------            -----  ------            -----  ------    
     0000FF47  _BGP_REG 
ASxxxx Linker V03.00 + NoICE + sdld,  page 104.
Hexadecimal  [32-Bits]

Area                       Addr        Size        Decimal Bytes (Attributes)
--------------------       ----        ----        ------- ----- ------------
_SFR25                 00000000    00000001 =           1. bytes (ABS,CON)

        Value  Global            Value  Global            Value  Global    
        -----  ------            -----  ------            -----  ------    
     0000FF48  _OBP0_REG
ASxxxx Linker V03.00 + NoICE + sdld,  page 105.
Hexadecimal  [32-Bits]

Area                       Addr        Size        Decimal Bytes (Attributes)
--------------------       ----        ----        ------- ----- ------------
_SFR26                 00000000    00000001 =           1. bytes (ABS,CON)

        Value  Global            Value  Global            Value  Global    
        -----  ------            -----  ------            -----  ------    
     0000FF49  _OBP1_REG
ASxxxx Linker V03.00 + NoICE + sdld,  page 106.
Hexadecimal  [32-Bits]

Area                       Addr        Size        Decimal Bytes (Attributes)
--------------------       ----        ----        ------- ----- ------------
_SFR27                 00000000    00000001 =           1. bytes (ABS,CON)

        Value  Global            Value  Global            Value  Global    
        -----  ------            -----  ------            -----  ------    
     0000FF4A  _WY_REG  
ASxxxx Linker V03.00 + NoICE + sdld,  page 107.
Hexadecimal  [32-Bits]

Area                       Addr        Size        Decimal Bytes (Attributes)
--------------------       ----        ----        ------- ----- ------------
_SFR28                 00000000    00000001 =           1. bytes (ABS,CON)

        Value  Global            Value  Global            Value  Global    
        -----  ------            -----  ------            -----  ------    
     0000FF4B  _WX_REG  
ASxxxx Linker V03.00 + NoICE + sdld,  page 108.
Hexadecimal  [32-Bits]

Area                       Addr        Size        Decimal Bytes (Attributes)
--------------------       ----        ----        ------- ----- ------------
_SFR29                 00000000    00000001 =           1. bytes (ABS,CON)

        Value  Global            Value  Global            Value  Global    
        -----  ------            -----  ------            -----  ------    
     0000FF4D  _KEY1_REG
ASxxxx Linker V03.00 + NoICE + sdld,  page 109.
Hexadecimal  [32-Bits]

Area                       Addr        Size        Decimal Bytes (Attributes)
--------------------       ----        ----        ------- ----- ------------
_SFR2a                 00000000    00000001 =           1. bytes (ABS,CON)

        Value  Global            Value  Global            Value  Global    
        -----  ------            -----  ------            -----  ------    
     0000FF4F  _VBK_REG 
ASxxxx Linker V03.00 + NoICE + sdld,  page 110.
Hexadecimal  [32-Bits]

Area                       Addr        Size        Decimal Bytes (Attributes)
--------------------       ----        ----        ------- ----- ------------
_SFR2b                 00000000    00000001 =           1. bytes (ABS,CON)

        Value  Global            Value  Global            Value  Global    
        -----  ------            -----  ------            -----  ------    
     0000FF51  _HDMA1_RE
ASxxxx Linker V03.00 + NoICE + sdld,  page 111.
Hexadecimal  [32-Bits]

Area                       Addr        Size        Decimal Bytes (Attributes)
--------------------       ----        ----        ------- ----- ------------
_SFR2c                 00000000    00000001 =           1. bytes (ABS,CON)

        Value  Global            Value  Global            Value  Global    
        -----  ------            -----  ------            -----  ------    
     0000FF52  _HDMA2_RE
ASxxxx Linker V03.00 + NoICE + sdld,  page 112.
Hexadecimal  [32-Bits]

Area                       Addr        Size        Decimal Bytes (Attributes)
--------------------       ----        ----        ------- ----- ------------
_SFR2d                 00000000    00000001 =           1. bytes (ABS,CON)

        Value  Global            Value  Global            Value  Global    
        -----  ------            -----  ------            -----  ------    
     0000FF53  _HDMA3_RE
ASxxxx Linker V03.00 + NoICE + sdld,  page 113.
Hexadecimal  [32-Bits]

Area                       Addr        Size        Decimal Bytes (Attributes)
--------------------       ----        ----        ------- ----- ------------
_SFR2e                 00000000    00000001 =           1. bytes (ABS,CON)

        Value  Global            Value  Global            Value  Global    
        -----  ------            -----  ------            -----  ------    
     0000FF54  _HDMA4_RE
ASxxxx Linker V03.00 + NoICE + sdld,  page 114.
Hexadecimal  [32-Bits]

Area                       Addr        Size        Decimal Bytes (Attributes)
--------------------       ----        ----        ------- ----- ------------
_SFR2f                 00000000    00000001 =           1. bytes (ABS,CON)

        Value  Global            Value  Global            Value  Global    
        -----  ------            -----  ------            -----  ------    
     0000FF55  _HDMA5_RE
ASxxxx Linker V03.00 + NoICE + sdld,  page 115.
Hexadecimal  [32-Bits]

Area                       Addr        Size        Decimal Bytes (Attributes)
--------------------       ----        ----        ------- ----- ------------
_SFR30                 00000000    00000001 =           1. bytes (ABS,CON)

        Value  Global            Value  Global            Value  Global    
        -----  ------            -----  ------            -----  ------    
     0000FF56  _RP_REG  
ASxxxx Linker V03.00 + NoICE + sdld,  page 116.
Hexadecimal  [32-Bits]

Area                       Addr        Size        Decimal Bytes (Attributes)
--------------------       ----        ----        ------- ----- ------------
_SFR31                 00000000    00000001 =           1. bytes (ABS,CON)

        Value  Global            Value  Global            Value  Global    
        -----  ------            -----  ------            -----  ------    
     0000FF68  _BCPS_REG
ASxxxx Linker V03.00 + NoICE + sdld,  page 117.
Hexadecimal  [32-Bits]

Area                       Addr        Size        Decimal Bytes (Attributes)
--------------------       ----        ----        ------- ----- ------------
_SFR32                 00000000    00000001 =           1. bytes (ABS,CON)

        Value  Global            Value  Global            Value  Global    
        -----  ------            -----  ------            -----  ------    
     0000FF69  _BCPD_REG
ASxxxx Linker V03.00 + NoICE + sdld,  page 118.
Hexadecimal  [32-Bits]

Area                       Addr        Size        Decimal Bytes (Attributes)
--------------------       ----        ----        ------- ----- ------------
_SFR33                 00000000    00000001 =           1. bytes (ABS,CON)

        Value  Global            Value  Global            Value  Global    
        -----  ------            -----  ------            -----  ------    
     0000FF6A  _OCPS_REG
ASxxxx Linker V03.00 + NoICE + sdld,  page 119.
Hexadecimal  [32-Bits]

Area                       Addr        Size        Decimal Bytes (Attributes)
--------------------       ----        ----        ------- ----- ------------
_SFR34                 00000000    00000001 =           1. bytes (ABS,CON)

        Value  Global            Value  Global            Value  Global    
        -----  ------            -----  ------            -----  ------    
     0000FF6B  _OCPD_REG
ASxxxx Linker V03.00 + NoICE + sdld,  page 120.
Hexadecimal  [32-Bits]

Area                       Addr        Size        Decimal Bytes (Attributes)
--------------------       ----        ----        ------- ----- ------------
_SFR35                 00000000    00000001 =           1. bytes (ABS,CON)

        Value  Global            Value  Global            Value  Global    
        -----  ------            -----  ------            -----  ------    
     0000FF70  _SVBK_REG
ASxxxx Linker V03.00 + NoICE + sdld,  page 121.
Hexadecimal  [32-Bits]

Area                       Addr        Size        Decimal Bytes (Attributes)
--------------------       ----        ----        ------- ----- ------------
_SFR36                 00000000    00000001 =           1. bytes (ABS,CON)

        Value  Global            Value  Global            Value  Global    
        -----  ------            -----  ------            -----  ------    
     0000FFFF  _IE_REG  
ASxxxx Linker V03.00 + NoICE + sdld,  page 122.
Hexadecimal  [32-Bits]

Area                       Addr        Size        Decimal Bytes (Attributes)
--------------------       ----        ----        ------- ----- ------------
_HEADER_TIM0           00000000    00000008 =           8. bytes (ABS,CON)

        Value  Global            Value  Global            Value  Global    
        -----  ------            -----  ------            -----  ------    
ASxxxx Linker V03.00 + NoICE + sdld,  page 123.
Hexadecimal  [32-Bits]

Area                       Addr        Size        Decimal Bytes (Attributes)
--------------------       ----        ----        ------- ----- ------------
_EMU_HEADER0           00000000    00000003 =           3. bytes (ABS,CON)

        Value  Global            Value  Global            Value  Global    
        -----  ------            -----  ------            -----  ------    
ASxxxx Linker V03.00 + NoICE + sdld,  page 124.
Hexadecimal  [32-Bits]

Area                       Addr        Size        Decimal Bytes (Attributes)
--------------------       ----        ----        ------- ----- ------------
_HEADER_LCD0           00000000    00000003 =           3. bytes (ABS,CON)

        Value  Global            Value  Global            Value  Global    
        -----  ------            -----  ------            -----  ------    
ASxxxx Linker V03.00 + NoICE + sdld,  page 125.

Files Linked                              [ module(s) ]

C:\tmp/_gbstools/gbdk/lib/small/asxxxx/gb/crt0.o
                                          [ Runtime ]
C:/tmp/_gbsbuild/obj/Actor_a.o            [  ]
C:/tmp/_gbsbuild/obj/Actor_b.o            [ Actor_b ]
C:/tmp/_gbsbuild/obj/Actor.o              [ Actor ]
C:/tmp/_gbsbuild/obj/asm.macros.o         [  ]
C:/tmp/_gbsbuild/obj/BankData.o           [ BankData ]
C:/tmp/_gbsbuild/obj/BankManager.o        [ BankManager ]
C:/tmp/_gbsbuild/obj/Camera_a.o           [  ]
C:/tmp/_gbsbuild/obj/Camera.o             [ Camera ]
C:/tmp/_gbsbuild/obj/Collision.o          [ Collision ]
C:/tmp/_gbsbuild/obj/Core_Main.o          [ Core_Main ]
C:/tmp/_gbsbuild/obj/DataManager.o        [ DataManager ]
C:/tmp/_gbsbuild/obj/FadeManager_b.o      [ FadeManager_b ]
C:/tmp/_gbsbuild/obj/FadeManager.o        [ FadeManager ]
C:/tmp/_gbsbuild/obj/gbt_player_bank1.o   [  ]
C:/tmp/_gbsbuild/obj/gbt_player.o         [  ]
C:/tmp/_gbsbuild/obj/Input.o              [ Input ]
C:/tmp/_gbsbuild/obj/Math.o               [ Math ]
C:/tmp/_gbsbuild/obj/MusicManager.o       [ MusicManager ]
C:/tmp/_gbsbuild/obj/Palette.o            [ Palette ]
C:/tmp/_gbsbuild/obj/Projectiles_b.o      [ Projectiles_b ]
C:/tmp/_gbsbuild/obj/Projectiles.o        [ Projectiles ]
C:/tmp/_gbsbuild/obj/ScriptRunner_b.o     [ ScriptRunner_b ]
C:/tmp/_gbsbuild/obj/ScriptRunner.o       [ ScriptRunner ]
C:/tmp/_gbsbuild/obj/Scroll_a.o           [  ]
C:/tmp/_gbsbuild/obj/Scroll_b.o           [ Scroll_b ]
C:/tmp/_gbsbuild/obj/Scroll.o             [ Scroll ]
C:/tmp/_gbsbuild/obj/Sprite_b.o           [ Sprite_b ]
C:/tmp/_gbsbuild/obj/Sprite.o             [ Sprite ]
C:/tmp/_gbsbuild/obj/Stack.o              [ Stack ]
C:/tmp/_gbsbuild/obj/Trigger_b.o          [ Trigger_b ]
C:/tmp/_gbsbuild/obj/Trigger.o            [ Trigger ]
C:/tmp/_gbsbuild/obj/UI_a.o               [  ]
C:/tmp/_gbsbuild/obj/UI_b.o               [ UI_b ]
C:/tmp/_gbsbuild/obj/UI.o                 [ UI ]
C:/tmp/_gbsbuild/obj/bank_10.o            [ bank_10 ]
C:/tmp/_gbsbuild/obj/bank_11.o            [ bank_11 ]
C:/tmp/_gbsbuild/obj/bank_12.o            [ bank_12 ]
C:/tmp/_gbsbuild/obj/bank_13.o            [ bank_13 ]
C:/tmp/_gbsbuild/obj/bank_14.o            [ bank_14 ]
C:/tmp/_gbsbuild/obj/bank_15.o            [ bank_15 ]
C:/tmp/_gbsbuild/obj/bank_16.o            [ bank_16 ]
C:/tmp/_gbsbuild/obj/bank_17.o            [ bank_17 ]
C:/tmp/_gbsbuild/obj/bank_18.o            [ bank_18 ]
C:/tmp/_gbsbuild/obj/bank_19.o            [ bank_19 ]
C:/tmp/_gbsbuild/obj/bank_20.o            [ bank_20 ]
C:/tmp/_gbsbuild/obj/bank_21.o            [ bank_21 ]
C:/tmp/_gbsbuild/obj/bank_22.o            [ bank_22 ]
C:/tmp/_gbsbuild/obj/bank_23.o            [ bank_23 ]
C:/tmp/_gbsbuild/obj/bank_24.o            [ bank_24 ]
C:/tmp/_gbsbuild/obj/bank_25.o            [ bank_25 ]
C:/tmp/_gbsbuild/obj/bank_26.o            [ bank_26 ]
C:/tmp/_gbsbuild/obj/bank_27.o            [ bank_27 ]
C:/tmp/_gbsbuild/obj/bank_28.o            [ bank_28 ]
C:/tmp/_gbsbuild/obj/bank_29.o            [ bank_29 ]
C:/tmp/_gbsbuild/obj/bank_30.o            [ bank_30 ]
C:/tmp/_gbsbuild/obj/bank_31.o            [ bank_31 ]
C:/tmp/_gbsbuild/obj/bank_32.o            [ bank_32 ]
C:/tmp/_gbsbuild/obj/bank_33.o            [ bank_33 ]
C:/tmp/_gbsbuild/obj/bank_34.o            [ bank_34 ]
C:/tmp/_gbsbuild/obj/bank_35.o            [ bank_35 ]
C:/tmp/_gbsbuild/obj/bank_36.o            [ bank_36 ]
C:/tmp/_gbsbuild/obj/bank_6.o             [ bank_6 ]
C:/tmp/_gbsbuild/obj/bank_7.o             [ bank_7 ]
C:/tmp/_gbsbuild/obj/bank_8.o             [ bank_8 ]
C:/tmp/_gbsbuild/obj/bank_9.o             [ bank_9 ]
C:/tmp/_gbsbuild/obj/data_ptrs.o          [ data_ptrs ]
C:/tmp/_gbsbuild/obj/main.o               [ main ]
C:/tmp/_gbsbuild/obj/music_bank_37.o      [ music_bank_37 ]
C:/tmp/_gbsbuild/obj/music_bank_38.o      [ music_bank_38 ]
C:/tmp/_gbsbuild/obj/Adventure.o          [ Adventure ]
C:/tmp/_gbsbuild/obj/Platform.o           [ Platform ]
C:/tmp/_gbsbuild/obj/PointNClick.o        [ PointNClick ]
C:/tmp/_gbsbuild/obj/Shmup.o              [ Shmup ]
C:/tmp/_gbsbuild/obj/TopDown.o            [ TopDown ]


Libraries Linked                          [ object file ]

C:\tmp/_gbstools/gbdk/lib/small/asxxxx/gb/gb.lib
                                          [ fill_rect_wi.o ]
C:\tmp/_gbstools/gbdk/lib/small/asxxxx/gbz80/gbz80.lib
                                          [ _strcpy.o ]
C:\tmp/_gbstools/gbdk/lib/small/asxxxx/gb/gb.lib
                                          [ rand.o ]
C:\tmp/_gbstools/gbdk/lib/small/asxxxx/gb/gb.lib
                                          [ sfr.o ]
C:\tmp/_gbstools/gbdk/lib/small/asxxxx/gbz80/gbz80.lib
                                          [ itoa.o ]
C:\tmp/_gbstools/gbdk/lib/small/asxxxx/gb/gb.lib
                                          [ cgb.o ]
C:\tmp/_gbstools/gbdk/lib/small/asxxxx/gbz80/gbz80.lib
                                          [ div.o ]
C:\tmp/_gbstools/gbdk/lib/small/asxxxx/gb/gb.lib
                                          [ tim.o ]
C:\tmp/_gbstools/gbdk/lib/small/asxxxx/gbz80/gbz80.lib
                                          [ mul.o ]
C:\tmp/_gbstools/gbdk/lib/small/asxxxx/gb/gb.lib
                                          [ set_wi_t.o ]
C:\tmp/_gbstools/gbdk/lib/small/asxxxx/gb/gb.lib
                                          [ set_data.o ]
C:\tmp/_gbstools/gbdk/lib/small/asxxxx/gb/gb.lib
                                          [ fill_rect.o ]
C:\tmp/_gbstools/gbdk/lib/small/asxxxx/gb/gb.lib
                                          [ pad.o ]
C:\tmp/_gbstools/gbdk/lib/small/asxxxx/gbz80/gbz80.lib
                                          [ __sdcc_call_hl.o ]
C:\tmp/_gbstools/gbdk/lib/small/asxxxx/gbz80/gbz80.lib
                                          [ _memset.o ]
C:\tmp/_gbstools/gbdk/lib/small/asxxxx/gbz80/gbz80.lib
                                          [ _memcpy.o ]
C:\tmp/_gbstools/gbdk/lib/small/asxxxx/gb/gb.lib
                                          [ ___sdcc_bcall_ehl.o ]
C:\tmp/_gbstools/gbdk/lib/small/asxxxx/gb/gb.lib
                                          [ bgb_emu.o ]
C:\tmp/_gbstools/gbdk/lib/small/asxxxx/gbz80/gbz80.lib
                                          [ strcat.o ]
C:\tmp/_gbstools/gbdk/lib/small/asxxxx/gbz80/gbz80.lib
                                          [ strlen.o ]
C:\tmp/_gbstools/gbdk/lib/small/asxxxx/gb/gb.lib
                                          [ lcd.o ]
C:\tmp/_gbstools/gbdk/lib/small/asxxxx/gb/gb.lib
                                          [ cpy_data.o ]
C:\tmp/_gbstools/gbdk/lib/small/asxxxx/gb/gb.lib
                                          [ set_xy_t.o ]

ASxxxx Linker V03.00 + NoICE + sdld,  page 126.

User Base Address Definitions

_DATA=0xc0a0
_CODE=0x0200
ASxxxx Linker V03.00 + NoICE + sdld,  page 127.

User Global Definitions

_shadow_OAM=0xC000
.STACK=0xE000
.refresh_OAM=0xFF80

